2026-09-11 09:33:45,968 - ****************************************************************************************************
2026-09-11 09:33:45,968 - *** hyper-parameters ***
2026-09-11 09:33:45,968 - dataset: FB15K-One
2026-09-11 09:33:45,968 - data_path: ../dataset/FB15K
2026-09-11 09:33:45,968 - data_form: Pre-Train
2026-09-11 09:33:45,968 - seed: 2022
2026-09-11 09:33:45,968 - few: 5
2026-09-11 09:33:45,968 - num_query: 3
2026-09-11 09:33:45,968 - metric: MRR
2026-09-11 09:33:45,968 - embed_dim: 100
2026-09-11 09:33:45,968 - batch_size: 64
2026-09-11 09:33:45,968 - learning_rate: 0.0001
2026-09-11 09:33:45,968 - warmup_steps: 500
2026-09-11 09:33:45,968 - early_stopping_patience: 3
2026-09-11 09:33:45,968 - epoch: 100000
2026-09-11 09:33:45,968 - print_epoch: 100
2026-09-11 09:33:45,968 - eval_epoch: 1000
2026-09-11 09:33:45,968 - checkpoint_epoch: 1000
2026-09-11 09:33:45,968 - state_dict_filename: state_dict
2026-09-11 09:33:45,969 - beta: 5
2026-09-11 09:33:45,969 - margin: 1.0
2026-09-11 09:33:45,969 - dropout_p: 0.5
2026-09-11 09:33:45,969 - ablation: False
2026-09-11 09:33:45,969 - device: cuda:0
2026-09-11 09:33:45,969 - prefix: fb15k_recdap_qnegk2_2022_5shot_cuda:0_20260911093341
2026-09-11 09:33:45,969 - step: train
2026-09-11 09:33:45,969 - log_dir: log
2026-09-11 09:33:45,969 - state_dir: state
2026-09-11 09:33:45,969 - eval_ckpt: None
2026-09-11 09:33:45,969 - embed_model: TransE
2026-09-11 09:33:45,969 - lstm_hiddendim: 700
2026-09-11 09:33:45,969 - lstm_layers: 2
2026-09-11 09:33:45,969 - hop: 2
2026-09-11 09:33:45,969 - num_diffusion_iters: 100
2026-09-11 09:33:45,969 - g_batch: 1024
2026-09-11 09:33:45,969 - eval_batch_size: -1
2026-09-11 09:33:45,969 - query_neg_k: 2
2026-09-11 09:33:45,969 - use_hard_negative: 1
2026-09-11 09:33:45,969 - hard_candidate_limit: 32
2026-09-11 09:33:45,969 - hard_semi_low: 0.1
2026-09-11 09:33:45,969 - hard_semi_high: 0.4
2026-09-11 09:33:45,969 - hard_cache_k: 8
2026-09-11 09:33:45,969 - hard_cache_max_age: 1000
2026-09-11 09:33:45,969 - hard_cache_max_size: 50000
2026-09-11 09:33:45,969 - hard_temperature: 0.5
2026-09-11 09:33:45,969 - hard_mine_interval: 50
2026-09-11 09:33:45,969 - hard_mine_episode_fraction: 0.25
2026-09-11 09:33:45,969 - hard_same_type_only: 1
2026-09-11 09:33:45,969 - hard_require_below_positive: 1
2026-09-11 09:33:45,969 - hard_mining_use_uva: 1
2026-09-11 09:33:45,969 - hard_start_epoch: 500
2026-09-11 09:33:45,969 - hard_mid_epoch: 2000
2026-09-11 09:33:45,969 - hard_full_epoch: 5000
2026-09-11 09:33:45,969 - hard_ratio_mid: 0.25
2026-09-11 09:33:45,969 - hard_ratio_max: 0.5
2026-09-11 09:33:45,969 - ****************************************************************************************************
2026-09-11 10:39:49,316 - Epoch: 1000	MRR: 0.933	Hits@10: 0.991	Hits@5: 0.987	Hits@1: 0.883
2026-09-11 12:45:23,586 - Epoch: None	MRR: 0.861	Hits@10: 0.934	Hits@5: 0.921	Hits@1: 0.802
2026-09-11 13:51:58,752 - Epoch: 2000	MRR: 0.936	Hits@10: 0.990	Hits@5: 0.987	Hits@1: 0.887
2026-09-11 15:56:17,903 - Epoch: None	MRR: 0.866	Hits@10: 0.949	Hits@5: 0.931	Hits@1: 0.803
2026-09-11 17:03:33,424 - Epoch: 3000	MRR: 0.944	Hits@10: 0.995	Hits@5: 0.993	Hits@1: 0.897
2026-09-11 19:08:59,115 - Epoch: None	MRR: 0.858	Hits@10: 0.938	Hits@5: 0.925	Hits@1: 0.796
2026-09-11 20:14:59,113 - Epoch: 4000	MRR: 0.943	Hits@10: 0.995	Hits@5: 0.993	Hits@1: 0.896
2026-09-11 21:21:02,358 - Epoch: 5000	MRR: 0.940	Hits@10: 0.993	Hits@5: 0.990	Hits@1: 0.891
2026-09-11 22:27:02,130 - Epoch: 6000	MRR: 0.939	Hits@10: 0.991	Hits@5: 0.989	Hits@1: 0.891
2026-09-11 22:27:02,355 - Hard-negative summary: {'cache_size': 799, 'total_mined_candidates': 76272, 'total_cache_updates': 1457, 'total_replacement_attempts': 173600, 'total_replacements': 1329}
2026-09-11 22:27:02,360 - Reload state_dict from state/fb15k_recdap_qnegk2_2022_5shot_cuda:0_20260911093341/state_dict
2026-09-12 00:29:34,825 - Epoch: None	MRR: 0.859	Hits@10: 0.939	Hits@5: 0.925	Hits@1: 0.799
