2026-09-12 08:46:11,570 - ****************************************************************************************************
2026-09-12 08:46:11,570 - *** hyper-parameters ***
2026-09-12 08:46:11,570 - dataset: FB15K-One
2026-09-12 08:46:11,570 - data_path: ../dataset/FB15K
2026-09-12 08:46:11,570 - data_form: Pre-Train
2026-09-12 08:46:11,570 - seed: 2022
2026-09-12 08:46:11,570 - few: 5
2026-09-12 08:46:11,570 - num_query: 3
2026-09-12 08:46:11,570 - metric: MRR
2026-09-12 08:46:11,570 - embed_dim: 100
2026-09-12 08:46:11,570 - batch_size: 64
2026-09-12 08:46:11,570 - learning_rate: 0.0001
2026-09-12 08:46:11,570 - warmup_steps: 500
2026-09-12 08:46:11,570 - early_stopping_patience: 3
2026-09-12 08:46:11,570 - epoch: 100000
2026-09-12 08:46:11,570 - print_epoch: 100
2026-09-12 08:46:11,570 - eval_epoch: 1000
2026-09-12 08:46:11,570 - checkpoint_epoch: 1000
2026-09-12 08:46:11,570 - state_dict_filename: state_dict
2026-09-12 08:46:11,570 - beta: 5
2026-09-12 08:46:11,570 - margin: 1.0
2026-09-12 08:46:11,570 - dropout_p: 0.5
2026-09-12 08:46:11,570 - ablation: False
2026-09-12 08:46:11,570 - device: cuda:0
2026-09-12 08:46:11,570 - prefix: fb15k_recdap_qnegk2_2022_3shot_cuda:0_20260912084607
2026-09-12 08:46:11,570 - step: train
2026-09-12 08:46:11,571 - log_dir: log
2026-09-12 08:46:11,571 - state_dir: state
2026-09-12 08:46:11,571 - eval_ckpt: None
2026-09-12 08:46:11,571 - embed_model: TransE
2026-09-12 08:46:11,571 - lstm_hiddendim: 700
2026-09-12 08:46:11,571 - lstm_layers: 2
2026-09-12 08:46:11,571 - hop: 2
2026-09-12 08:46:11,571 - num_diffusion_iters: 100
2026-09-12 08:46:11,571 - g_batch: 1024
2026-09-12 08:46:11,571 - eval_batch_size: -1
2026-09-12 08:46:11,571 - query_neg_k: 2
2026-09-12 08:46:11,571 - use_hard_negative: 1
2026-09-12 08:46:11,571 - hard_candidate_limit: 32
2026-09-12 08:46:11,571 - hard_semi_low: 0.1
2026-09-12 08:46:11,571 - hard_semi_high: 0.4
2026-09-12 08:46:11,571 - hard_cache_k: 8
2026-09-12 08:46:11,571 - hard_cache_max_age: 1000
2026-09-12 08:46:11,571 - hard_cache_max_size: 50000
2026-09-12 08:46:11,571 - hard_temperature: 0.5
2026-09-12 08:46:11,571 - hard_mine_interval: 50
2026-09-12 08:46:11,571 - hard_mine_episode_fraction: 0.25
2026-09-12 08:46:11,571 - hard_same_type_only: 1
2026-09-12 08:46:11,571 - hard_require_below_positive: 1
2026-09-12 08:46:11,571 - hard_mining_use_uva: 1
2026-09-12 08:46:11,571 - hard_start_epoch: 500
2026-09-12 08:46:11,571 - hard_mid_epoch: 2000
2026-09-12 08:46:11,571 - hard_full_epoch: 5000
2026-09-12 08:46:11,571 - hard_ratio_mid: 0.25
2026-09-12 08:46:11,571 - hard_ratio_max: 0.5
2026-09-12 08:46:11,571 - ****************************************************************************************************
2026-09-12 09:51:46,132 - Epoch: 1000	MRR: 0.931	Hits@10: 0.991	Hits@5: 0.986	Hits@1: 0.879
2026-09-12 11:54:38,422 - Epoch: None	MRR: 0.868	Hits@10: 0.935	Hits@5: 0.926	Hits@1: 0.810
2026-09-12 13:01:09,862 - Epoch: 2000	MRR: 0.930	Hits@10: 0.987	Hits@5: 0.983	Hits@1: 0.877
2026-09-12 14:08:28,458 - Epoch: 3000	MRR: 0.936	Hits@10: 0.991	Hits@5: 0.988	Hits@1: 0.886
2026-09-12 16:12:29,683 - Epoch: None	MRR: 0.835	Hits@10: 0.912	Hits@5: 0.897	Hits@1: 0.772
2026-09-12 17:19:44,008 - Epoch: 4000	MRR: 0.945	Hits@10: 0.994	Hits@5: 0.991	Hits@1: 0.900
2026-09-12 19:22:41,807 - Epoch: None	MRR: 0.832	Hits@10: 0.914	Hits@5: 0.895	Hits@1: 0.767
2026-09-12 20:29:17,472 - Epoch: 5000	MRR: 0.939	Hits@10: 0.994	Hits@5: 0.990	Hits@1: 0.891
2026-09-12 21:35:49,632 - Epoch: 6000	MRR: 0.936	Hits@10: 0.992	Hits@5: 0.988	Hits@1: 0.885
2026-09-12 22:43:00,679 - Epoch: 7000	MRR: 0.938	Hits@10: 0.994	Hits@5: 0.991	Hits@1: 0.888
2026-09-12 22:43:00,930 - Hard-negative summary: {'cache_size': 1207, 'total_mined_candidates': 149051, 'total_cache_updates': 2939, 'total_replacement_attempts': 369894, 'total_replacements': 4128}
2026-09-12 22:43:00,936 - Reload state_dict from state/fb15k_recdap_qnegk2_2022_3shot_cuda:0_20260912084607/state_dict
2026-09-13 00:46:06,411 - Epoch: None	MRR: 0.833	Hits@10: 0.915	Hits@5: 0.895	Hits@1: 0.768
