2026-09-10 10:32:59,870 - ****************************************************************************************************
2026-09-10 10:32:59,870 - *** hyper-parameters ***
2026-09-10 10:32:59,870 - dataset: NELL-One
2026-09-10 10:32:59,870 - data_path: ../dataset/NELL
2026-09-10 10:32:59,870 - data_form: Pre-Train
2026-09-10 10:32:59,870 - seed: 2022
2026-09-10 10:32:59,870 - few: 5
2026-09-10 10:32:59,870 - num_query: 3
2026-09-10 10:32:59,870 - metric: MRR
2026-09-10 10:32:59,870 - embed_dim: 100
2026-09-10 10:32:59,870 - batch_size: 128
2026-09-10 10:32:59,870 - learning_rate: 0.001
2026-09-10 10:32:59,870 - warmup_steps: 500
2026-09-10 10:32:59,870 - early_stopping_patience: 3
2026-09-10 10:32:59,870 - epoch: 100000
2026-09-10 10:32:59,870 - print_epoch: 100
2026-09-10 10:32:59,870 - eval_epoch: 1000
2026-09-10 10:32:59,870 - checkpoint_epoch: 1000
2026-09-10 10:32:59,870 - state_dict_filename: state_dict
2026-09-10 10:32:59,870 - beta: 5
2026-09-10 10:32:59,870 - margin: 1.0
2026-09-10 10:32:59,870 - dropout_p: 0.5
2026-09-10 10:32:59,870 - ablation: False
2026-09-10 10:32:59,870 - device: cuda:0
2026-09-10 10:32:59,870 - prefix: nell_recdap_qnegk2_2022_5shot_cuda:0_20260910103254
2026-09-10 10:32:59,870 - step: train
2026-09-10 10:32:59,870 - log_dir: log
2026-09-10 10:32:59,870 - state_dir: state
2026-09-10 10:32:59,870 - eval_ckpt: None
2026-09-10 10:32:59,870 - embed_model: TransE
2026-09-10 10:32:59,870 - lstm_hiddendim: 700
2026-09-10 10:32:59,870 - lstm_layers: 2
2026-09-10 10:32:59,870 - hop: 2
2026-09-10 10:32:59,870 - num_diffusion_iters: 100
2026-09-10 10:32:59,870 - g_batch: 1024
2026-09-10 10:32:59,870 - eval_batch_size: -1
2026-09-10 10:32:59,870 - query_neg_k: 2
2026-09-10 10:32:59,870 - use_hard_negative: 1
2026-09-10 10:32:59,871 - hard_candidate_limit: 32
2026-09-10 10:32:59,871 - hard_semi_low: 0.1
2026-09-10 10:32:59,871 - hard_semi_high: 0.4
2026-09-10 10:32:59,871 - hard_cache_k: 8
2026-09-10 10:32:59,871 - hard_cache_max_age: 1000
2026-09-10 10:32:59,871 - hard_cache_max_size: 50000
2026-09-10 10:32:59,871 - hard_temperature: 0.5
2026-09-10 10:32:59,871 - hard_mine_interval: 50
2026-09-10 10:32:59,871 - hard_mine_episode_fraction: 0.25
2026-09-10 10:32:59,871 - hard_same_type_only: 1
2026-09-10 10:32:59,871 - hard_require_below_positive: 1
2026-09-10 10:32:59,871 - hard_mining_use_uva: 1
2026-09-10 10:32:59,871 - hard_start_epoch: 500
2026-09-10 10:32:59,871 - hard_mid_epoch: 2000
2026-09-10 10:32:59,871 - hard_full_epoch: 5000
2026-09-10 10:32:59,871 - hard_ratio_mid: 0.25
2026-09-10 10:32:59,871 - hard_ratio_max: 0.5
2026-09-10 10:32:59,871 - ****************************************************************************************************
2026-09-10 11:16:26,869 - Epoch: 1000	MRR: 0.582	Hits@10: 0.707	Hits@5: 0.652	Hits@1: 0.505
2026-09-10 11:54:59,398 - Epoch: None	MRR: 0.630	Hits@10: 0.750	Hits@5: 0.721	Hits@1: 0.559
2026-09-10 12:40:04,024 - Epoch: 2000	MRR: 0.659	Hits@10: 0.835	Hits@5: 0.776	Hits@1: 0.549
2026-09-10 13:18:23,964 - Epoch: None	MRR: 0.683	Hits@10: 0.812	Hits@5: 0.773	Hits@1: 0.607
2026-09-10 14:02:58,681 - Epoch: 3000	MRR: 0.680	Hits@10: 0.839	Hits@5: 0.818	Hits@1: 0.570
2026-09-10 14:40:55,732 - Epoch: None	MRR: 0.770	Hits@10: 0.843	Hits@5: 0.809	Hits@1: 0.734
2026-09-10 15:25:46,434 - Epoch: 4000	MRR: 0.709	Hits@10: 0.845	Hits@5: 0.809	Hits@1: 0.621
2026-09-10 16:06:47,632 - Epoch: None	MRR: 0.773	Hits@10: 0.839	Hits@5: 0.809	Hits@1: 0.739
2026-09-10 16:51:27,482 - Epoch: 5000	MRR: 0.716	Hits@10: 0.822	Hits@5: 0.798	Hits@1: 0.650
2026-09-10 17:29:26,541 - Epoch: None	MRR: 0.783	Hits@10: 0.841	Hits@5: 0.812	Hits@1: 0.750
2026-09-10 18:14:07,943 - Epoch: 6000	MRR: 0.701	Hits@10: 0.810	Hits@5: 0.756	Hits@1: 0.639
2026-09-10 18:58:58,746 - Epoch: 7000	MRR: 0.511	Hits@10: 0.749	Hits@5: 0.693	Hits@1: 0.379
2026-09-10 19:43:47,838 - Epoch: 8000	MRR: 0.613	Hits@10: 0.746	Hits@5: 0.664	Hits@1: 0.562
2026-09-10 19:43:48,160 - Hard-negative summary: {'cache_size': 2451, 'total_mined_candidates': 377874, 'total_cache_updates': 10311, 'total_replacement_attempts': 900401, 'total_replacements': 91542}
2026-09-10 19:43:48,165 - Reload state_dict from state/nell_recdap_qnegk2_2022_5shot_cuda:0_20260910103254/state_dict
2026-09-10 20:22:00,422 - Epoch: None	MRR: 0.783	Hits@10: 0.841	Hits@5: 0.812	Hits@1: 0.751
