2026-09-13 10:33:28,947 - ****************************************************************************************************
2026-09-13 10:33:28,947 - *** hyper-parameters ***
2026-09-13 10:33:28,947 - dataset: NELL-One
2026-09-13 10:33:28,947 - data_path: ../dataset/NELL
2026-09-13 10:33:28,947 - data_form: Pre-Train
2026-09-13 10:33:28,947 - seed: 2022
2026-09-13 10:33:28,947 - few: 3
2026-09-13 10:33:28,947 - num_query: 3
2026-09-13 10:33:28,947 - metric: MRR
2026-09-13 10:33:28,947 - embed_dim: 100
2026-09-13 10:33:28,947 - batch_size: 128
2026-09-13 10:33:28,947 - learning_rate: 0.001
2026-09-13 10:33:28,947 - warmup_steps: 500
2026-09-13 10:33:28,947 - early_stopping_patience: 3
2026-09-13 10:33:28,947 - epoch: 100000
2026-09-13 10:33:28,947 - print_epoch: 100
2026-09-13 10:33:28,947 - eval_epoch: 1000
2026-09-13 10:33:28,947 - checkpoint_epoch: 1000
2026-09-13 10:33:28,947 - state_dict_filename: state_dict
2026-09-13 10:33:28,948 - beta: 5
2026-09-13 10:33:28,948 - margin: 1.0
2026-09-13 10:33:28,948 - dropout_p: 0.5
2026-09-13 10:33:28,948 - ablation: False
2026-09-13 10:33:28,948 - device: cuda:0
2026-09-13 10:33:28,948 - prefix: nell_recdap_qnegk2_2022_3shot_cuda:0_20260913103323
2026-09-13 10:33:28,948 - step: train
2026-09-13 10:33:28,948 - log_dir: log
2026-09-13 10:33:28,948 - state_dir: state
2026-09-13 10:33:28,948 - eval_ckpt: None
2026-09-13 10:33:28,948 - embed_model: TransE
2026-09-13 10:33:28,948 - lstm_hiddendim: 700
2026-09-13 10:33:28,948 - lstm_layers: 2
2026-09-13 10:33:28,948 - hop: 2
2026-09-13 10:33:28,948 - num_diffusion_iters: 100
2026-09-13 10:33:28,948 - g_batch: 1024
2026-09-13 10:33:28,948 - eval_batch_size: -1
2026-09-13 10:33:28,948 - query_neg_k: 2
2026-09-13 10:33:28,948 - use_hard_negative: 1
2026-09-13 10:33:28,948 - hard_candidate_limit: 32
2026-09-13 10:33:28,948 - hard_semi_low: 0.1
2026-09-13 10:33:28,948 - hard_semi_high: 0.4
2026-09-13 10:33:28,948 - hard_cache_k: 8
2026-09-13 10:33:28,948 - hard_cache_max_age: 1000
2026-09-13 10:33:28,948 - hard_cache_max_size: 50000
2026-09-13 10:33:28,948 - hard_temperature: 0.5
2026-09-13 10:33:28,948 - hard_mine_interval: 50
2026-09-13 10:33:28,948 - hard_mine_episode_fraction: 0.25
2026-09-13 10:33:28,948 - hard_same_type_only: 1
2026-09-13 10:33:28,948 - hard_require_below_positive: 1
2026-09-13 10:33:28,948 - hard_mining_use_uva: 1
2026-09-13 10:33:28,948 - hard_start_epoch: 500
2026-09-13 10:33:28,948 - hard_mid_epoch: 2000
2026-09-13 10:33:28,948 - hard_full_epoch: 5000
2026-09-13 10:33:28,948 - hard_ratio_mid: 0.25
2026-09-13 10:33:28,948 - hard_ratio_max: 0.3
2026-09-13 10:33:28,948 - ****************************************************************************************************
2026-09-13 11:16:55,289 - Epoch: 1000	MRR: 0.599	Hits@10: 0.740	Hits@5: 0.682	Hits@1: 0.519
2026-09-13 11:55:29,563 - Epoch: None	MRR: 0.672	Hits@10: 0.748	Hits@5: 0.739	Hits@1: 0.611
2026-09-13 12:40:36,735 - Epoch: 2000	MRR: 0.702	Hits@10: 0.832	Hits@5: 0.810	Hits@1: 0.617
2026-09-13 13:19:00,693 - Epoch: None	MRR: 0.703	Hits@10: 0.809	Hits@5: 0.781	Hits@1: 0.629
2026-09-13 14:04:09,754 - Epoch: 3000	MRR: 0.712	Hits@10: 0.850	Hits@5: 0.816	Hits@1: 0.630
2026-09-13 14:42:34,761 - Epoch: None	MRR: 0.769	Hits@10: 0.833	Hits@5: 0.815	Hits@1: 0.731
2026-09-13 15:27:44,162 - Epoch: 4000	MRR: 0.700	Hits@10: 0.835	Hits@5: 0.811	Hits@1: 0.612
2026-09-13 16:13:02,861 - Epoch: 5000	MRR: 0.708	Hits@10: 0.811	Hits@5: 0.761	Hits@1: 0.652
2026-09-13 16:58:20,426 - Epoch: 6000	MRR: 0.730	Hits@10: 0.830	Hits@5: 0.808	Hits@1: 0.655
2026-09-13 17:36:59,010 - Epoch: None	MRR: 0.745	Hits@10: 0.833	Hits@5: 0.812	Hits@1: 0.674
2026-09-13 18:22:20,828 - Epoch: 7000	MRR: 0.705	Hits@10: 0.805	Hits@5: 0.773	Hits@1: 0.637
2026-09-13 19:07:37,561 - Epoch: 8000	MRR: 0.704	Hits@10: 0.798	Hits@5: 0.766	Hits@1: 0.638
2026-09-13 19:52:56,837 - Epoch: 9000	MRR: 0.714	Hits@10: 0.817	Hits@5: 0.769	Hits@1: 0.660
2026-09-13 19:52:57,158 - Hard-negative summary: {'cache_size': 2886, 'total_mined_candidates': 428487, 'total_cache_updates': 11615, 'total_replacement_attempts': 708316, 'total_replacements': 71535}
2026-09-13 19:52:57,162 - Reload state_dict from state/nell_recdap_qnegk2_2022_3shot_cuda:0_20260913103323/state_dict
2026-09-13 20:31:34,944 - Epoch: None	MRR: 0.740	Hits@10: 0.837	Hits@5: 0.805	Hits@1: 0.674
